
chengwang@Chengs-MacBook-Pro spark-tools % mvn clean package
[INFO] Scanning for projects...
[INFO]
[INFO] -------------------< genesys:batch-aggregation-tool >-------------------
[INFO] Building batch-aggregation-tool 1.0.0
[INFO] --------------------------------[ jar ]---------------------------------
[INFO]
[INFO] --- maven-clean-plugin:2.5:clean (default-clean) @ batch-aggregation-tool ---
[INFO] Deleting /Users/chengwang/IdeaProjects/spark-tools/target
[INFO]
[INFO] --- maven-resources-plugin:2.6:resources (default-resources) @ batch-aggregation-tool ---
[INFO] Using 'UTF-8' encoding to copy filtered resources.
[INFO] Copying 2 resources
[INFO]
[INFO] --- scala-maven-plugin:3.2.1:add-source (scala-compile-first) @ batch-aggregation-tool ---
[INFO] Add Source directory: /Users/chengwang/IdeaProjects/spark-tools/src/main/scala
[INFO] Add Test Source directory: /Users/chengwang/IdeaProjects/spark-tools/src/test/scala
[INFO]
[INFO] --- scala-maven-plugin:3.2.1:compile (scala-compile-first) @ batch-aggregation-tool ---
[WARNING]  Expected all dependencies to require Scala version: 2.11.8
[WARNING]  com.twitter:chill_2.11:0.8.0 requires scala version: 2.11.7
[WARNING] Multiple versions of scala libraries detected!
[INFO] /Users/chengwang/IdeaProjects/spark-tools/src/main/java:-1: info: compiling
[INFO] /Users/chengwang/IdeaProjects/spark-tools/src/main/scala:-1: info: compiling
[INFO] Compiling 2 source files to /Users/chengwang/IdeaProjects/spark-tools/target/classes at 1731176156850
[INFO] prepare-compile in 0 s
[INFO] compile in 1 s
[INFO]
[INFO] --- maven-compiler-plugin:2.0.2:compile (default-compile) @ batch-aggregation-tool ---
[INFO] Compiling 2 source files to /Users/chengwang/IdeaProjects/spark-tools/target/classes
[INFO]
[INFO] --- maven-compiler-plugin:2.0.2:compile (default) @ batch-aggregation-tool ---
[INFO] Nothing to compile - all classes are up to date
[INFO]
[INFO] --- maven-resources-plugin:2.6:testResources (default-testResources) @ batch-aggregation-tool ---
[INFO] Using 'UTF-8' encoding to copy filtered resources.
[INFO] skip non existing resourceDirectory /Users/chengwang/IdeaProjects/spark-tools/src/test/resources
[INFO]
[INFO] --- scala-maven-plugin:3.2.1:testCompile (scala-test-compile) @ batch-aggregation-tool ---
[WARNING]  Expected all dependencies to require Scala version: 2.11.8
[WARNING]  com.twitter:chill_2.11:0.8.0 requires scala version: 2.11.7
[WARNING] Multiple versions of scala libraries detected!
[INFO] No sources to compile
[INFO]
[INFO] --- maven-compiler-plugin:2.0.2:testCompile (default-testCompile) @ batch-aggregation-tool ---
[INFO] No sources to compile
[INFO]
[INFO] --- maven-surefire-plugin:2.12.4:test (default-test) @ batch-aggregation-tool ---
[INFO] No tests to run.
[INFO]
[INFO] --- maven-jar-plugin:2.4:jar (default-jar) @ batch-aggregation-tool ---
[INFO] Building jar: /Users/chengwang/IdeaProjects/spark-tools/target/batch-aggregation-tool-1.0.0.jar
[INFO]
[INFO] --- maven-shade-plugin:2.3:shade (default) @ batch-aggregation-tool ---
[INFO] Including org.apache.spark:spark-core_2.11:jar:2.2.0 in the shaded jar.
[INFO] Including org.apache.avro:avro:jar:1.7.7 in the shaded jar.
[INFO] Including org.codehaus.jackson:jackson-core-asl:jar:1.9.13 in the shaded jar.
[INFO] Including org.codehaus.jackson:jackson-mapper-asl:jar:1.9.13 in the shaded jar.
[INFO] Including com.thoughtworks.paranamer:paranamer:jar:2.3 in the shaded jar.
[INFO] Including org.apache.commons:commons-compress:jar:1.4.1 in the shaded jar.
[INFO] Including org.tukaani:xz:jar:1.0 in the shaded jar.
[INFO] Including org.apache.avro:avro-mapred:jar:hadoop2:1.7.7 in the shaded jar.
[INFO] Including org.apache.avro:avro-ipc:jar:1.7.7 in the shaded jar.
[INFO] Including org.apache.avro:avro-ipc:jar:tests:1.7.7 in the shaded jar.
[INFO] Including com.twitter:chill_2.11:jar:0.8.0 in the shaded jar.
[INFO] Including com.esotericsoftware:kryo-shaded:jar:3.0.3 in the shaded jar.
[INFO] Including com.esotericsoftware:minlog:jar:1.3.0 in the shaded jar.
[INFO] Including org.objenesis:objenesis:jar:2.1 in the shaded jar.
[INFO] Including com.twitter:chill-java:jar:0.8.0 in the shaded jar.
[INFO] Including org.apache.xbean:xbean-asm5-shaded:jar:4.4 in the shaded jar.
[INFO] Including org.apache.hadoop:hadoop-client:jar:2.6.5 in the shaded jar.
[INFO] Including org.apache.hadoop:hadoop-common:jar:2.6.5 in the shaded jar.
[INFO] Including commons-cli:commons-cli:jar:1.2 in the shaded jar.
[INFO] Including xmlenc:xmlenc:jar:0.52 in the shaded jar.
[INFO] Including commons-httpclient:commons-httpclient:jar:3.1 in the shaded jar.
[INFO] Including commons-io:commons-io:jar:2.4 in the shaded jar.
[INFO] Including commons-collections:commons-collections:jar:3.2.2 in the shaded jar.
[INFO] Including commons-lang:commons-lang:jar:2.6 in the shaded jar.
[INFO] Including commons-configuration:commons-configuration:jar:1.6 in the shaded jar.
[INFO] Including commons-digester:commons-digester:jar:1.8 in the shaded jar.
[INFO] Including commons-beanutils:commons-beanutils:jar:1.7.0 in the shaded jar.
[INFO] Including commons-beanutils:commons-beanutils-core:jar:1.8.0 in the shaded jar.
[INFO] Including com.google.protobuf:protobuf-java:jar:2.5.0 in the shaded jar.
[INFO] Including com.google.code.gson:gson:jar:2.2.4 in the shaded jar.
[INFO] Including org.apache.hadoop:hadoop-auth:jar:2.6.5 in the shaded jar.
[INFO] Including org.apache.directory.server:apacheds-kerberos-codec:jar:2.0.0-M15 in the shaded jar.
[INFO] Including org.apache.directory.server:apacheds-i18n:jar:2.0.0-M15 in the shaded jar.
[INFO] Including org.apache.directory.api:api-asn1-api:jar:1.0.0-M20 in the shaded jar.
[INFO] Including org.apache.directory.api:api-util:jar:1.0.0-M20 in the shaded jar.
[INFO] Including org.apache.curator:curator-client:jar:2.6.0 in the shaded jar.
[INFO] Including org.htrace:htrace-core:jar:3.0.4 in the shaded jar.
[INFO] Including org.apache.hadoop:hadoop-hdfs:jar:2.6.5 in the shaded jar.
[INFO] Including org.mortbay.jetty:jetty-util:jar:6.1.26 in the shaded jar.
[INFO] Including xerces:xercesImpl:jar:2.9.1 in the shaded jar.
[INFO] Including xml-apis:xml-apis:jar:1.3.04 in the shaded jar.
[INFO] Including org.apache.hadoop:hadoop-mapreduce-client-app:jar:2.6.5 in the shaded jar.
[INFO] Including org.apache.hadoop:hadoop-mapreduce-client-common:jar:2.6.5 in the shaded jar.
[INFO] Including org.apache.hadoop:hadoop-yarn-client:jar:2.6.5 in the shaded jar.
[INFO] Including org.apache.hadoop:hadoop-yarn-server-common:jar:2.6.5 in the shaded jar.
[INFO] Including org.apache.hadoop:hadoop-mapreduce-client-shuffle:jar:2.6.5 in the shaded jar.
[INFO] Including org.apache.hadoop:hadoop-yarn-api:jar:2.6.5 in the shaded jar.
[INFO] Including org.apache.hadoop:hadoop-mapreduce-client-core:jar:2.6.5 in the shaded jar.
[INFO] Including org.apache.hadoop:hadoop-yarn-common:jar:2.6.5 in the shaded jar.
[INFO] Including javax.xml.bind:jaxb-api:jar:2.2.2 in the shaded jar.
[INFO] Including javax.xml.stream:stax-api:jar:1.0-2 in the shaded jar.
[INFO] Including org.codehaus.jackson:jackson-jaxrs:jar:1.9.13 in the shaded jar.
[INFO] Including org.codehaus.jackson:jackson-xc:jar:1.9.13 in the shaded jar.
[INFO] Including org.apache.hadoop:hadoop-mapreduce-client-jobclient:jar:2.6.5 in the shaded jar.
[INFO] Including org.apache.hadoop:hadoop-annotations:jar:2.6.5 in the shaded jar.
[INFO] Including org.apache.spark:spark-launcher_2.11:jar:2.2.0 in the shaded jar.
[INFO] Including org.apache.spark:spark-network-common_2.11:jar:2.2.0 in the shaded jar.
[INFO] Including org.fusesource.leveldbjni:leveldbjni-all:jar:1.8 in the shaded jar.
[INFO] Including com.fasterxml.jackson.core:jackson-annotations:jar:2.6.5 in the shaded jar.
[INFO] Including org.apache.spark:spark-network-shuffle_2.11:jar:2.2.0 in the shaded jar.
[INFO] Including org.apache.spark:spark-unsafe_2.11:jar:2.2.0 in the shaded jar.
[INFO] Including net.java.dev.jets3t:jets3t:jar:0.9.3 in the shaded jar.
[INFO] Including org.apache.httpcomponents:httpcore:jar:4.3.3 in the shaded jar.
[INFO] Including org.apache.httpcomponents:httpclient:jar:4.3.6 in the shaded jar.
[INFO] Including commons-codec:commons-codec:jar:1.8 in the shaded jar.
[INFO] Including javax.activation:activation:jar:1.1.1 in the shaded jar.
[INFO] Including mx4j:mx4j:jar:3.0.2 in the shaded jar.
[INFO] Including javax.mail:mail:jar:1.4.7 in the shaded jar.
[INFO] Including org.bouncycastle:bcprov-jdk15on:jar:1.51 in the shaded jar.
[INFO] Including com.jamesmurty.utils:java-xmlbuilder:jar:1.0 in the shaded jar.
[INFO] Including net.iharder:base64:jar:2.3.8 in the shaded jar.
[INFO] Including org.apache.curator:curator-recipes:jar:2.6.0 in the shaded jar.
[INFO] Including org.apache.curator:curator-framework:jar:2.6.0 in the shaded jar.
[INFO] Including org.apache.zookeeper:zookeeper:jar:3.4.6 in the shaded jar.
[INFO] Including com.google.guava:guava:jar:16.0.1 in the shaded jar.
[INFO] Including javax.servlet:javax.servlet-api:jar:3.1.0 in the shaded jar.
[INFO] Including org.apache.commons:commons-lang3:jar:3.5 in the shaded jar.
[INFO] Including com.google.code.findbugs:jsr305:jar:1.3.9 in the shaded jar.
[INFO] Including org.slf4j:slf4j-api:jar:1.7.16 in the shaded jar.
[INFO] Including org.slf4j:jul-to-slf4j:jar:1.7.16 in the shaded jar.
[INFO] Including org.slf4j:jcl-over-slf4j:jar:1.7.16 in the shaded jar.
[INFO] Including log4j:log4j:jar:1.2.17 in the shaded jar.
[INFO] Including org.slf4j:slf4j-log4j12:jar:1.7.16 in the shaded jar.
[INFO] Including com.ning:compress-lzf:jar:1.0.3 in the shaded jar.
[INFO] Including org.xerial.snappy:snappy-java:jar:1.1.2.6 in the shaded jar.
[INFO] Including net.jpountz.lz4:lz4:jar:1.3.0 in the shaded jar.
[INFO] Including org.roaringbitmap:RoaringBitmap:jar:0.5.11 in the shaded jar.
[INFO] Including commons-net:commons-net:jar:2.2 in the shaded jar.
[INFO] Including org.scala-lang:scala-library:jar:2.11.8 in the shaded jar.
[INFO] Including org.json4s:json4s-jackson_2.11:jar:3.2.11 in the shaded jar.
[INFO] Including org.json4s:json4s-core_2.11:jar:3.2.11 in the shaded jar.
[INFO] Including org.json4s:json4s-ast_2.11:jar:3.2.11 in the shaded jar.
[INFO] Including org.scala-lang:scalap:jar:2.11.0 in the shaded jar.
[INFO] Including org.scala-lang:scala-compiler:jar:2.11.0 in the shaded jar.
[INFO] Including org.scala-lang.modules:scala-xml_2.11:jar:1.0.1 in the shaded jar.
[INFO] Including org.glassfish.jersey.core:jersey-client:jar:2.22.2 in the shaded jar.
[INFO] Including javax.ws.rs:javax.ws.rs-api:jar:2.0.1 in the shaded jar.
[INFO] Including org.glassfish.hk2:hk2-api:jar:2.4.0-b34 in the shaded jar.
[INFO] Including org.glassfish.hk2:hk2-utils:jar:2.4.0-b34 in the shaded jar.
[INFO] Including org.glassfish.hk2.external:aopalliance-repackaged:jar:2.4.0-b34 in the shaded jar.
[INFO] Including org.glassfish.hk2.external:javax.inject:jar:2.4.0-b34 in the shaded jar.
[INFO] Including org.glassfish.hk2:hk2-locator:jar:2.4.0-b34 in the shaded jar.
[INFO] Including org.javassist:javassist:jar:3.18.1-GA in the shaded jar.
[INFO] Including org.glassfish.jersey.core:jersey-common:jar:2.22.2 in the shaded jar.
[INFO] Including javax.annotation:javax.annotation-api:jar:1.2 in the shaded jar.
[INFO] Including org.glassfish.jersey.bundles.repackaged:jersey-guava:jar:2.22.2 in the shaded jar.
[INFO] Including org.glassfish.hk2:osgi-resource-locator:jar:1.0.1 in the shaded jar.
[INFO] Including org.glassfish.jersey.core:jersey-server:jar:2.22.2 in the shaded jar.
[INFO] Including org.glassfish.jersey.media:jersey-media-jaxb:jar:2.22.2 in the shaded jar.
[INFO] Including javax.validation:validation-api:jar:1.1.0.Final in the shaded jar.
[INFO] Including org.glassfish.jersey.containers:jersey-container-servlet:jar:2.22.2 in the shaded jar.
[INFO] Including org.glassfish.jersey.containers:jersey-container-servlet-core:jar:2.22.2 in the shaded jar.
[INFO] Including io.netty:netty-all:jar:4.0.43.Final in the shaded jar.
[INFO] Including io.netty:netty:jar:3.9.9.Final in the shaded jar.
[INFO] Including com.clearspring.analytics:stream:jar:2.7.0 in the shaded jar.
[INFO] Including io.dropwizard.metrics:metrics-core:jar:3.1.2 in the shaded jar.
[INFO] Including io.dropwizard.metrics:metrics-jvm:jar:3.1.2 in the shaded jar.
[INFO] Including io.dropwizard.metrics:metrics-json:jar:3.1.2 in the shaded jar.
[INFO] Including io.dropwizard.metrics:metrics-graphite:jar:3.1.2 in the shaded jar.
[INFO] Including com.fasterxml.jackson.core:jackson-databind:jar:2.6.5 in the shaded jar.
[INFO] Including com.fasterxml.jackson.core:jackson-core:jar:2.6.5 in the shaded jar.
[INFO] Including com.fasterxml.jackson.module:jackson-module-scala_2.11:jar:2.6.5 in the shaded jar.
[INFO] Including com.fasterxml.jackson.module:jackson-module-paranamer:jar:2.6.5 in the shaded jar.
[INFO] Including org.apache.ivy:ivy:jar:2.4.0 in the shaded jar.
[INFO] Including oro:oro:jar:2.0.8 in the shaded jar.
[INFO] Including net.razorvine:pyrolite:jar:4.13 in the shaded jar.
[INFO] Including net.sf.py4j:py4j:jar:0.10.4 in the shaded jar.
[INFO] Including org.apache.spark:spark-tags_2.11:jar:2.2.0 in the shaded jar.
[INFO] Including org.apache.commons:commons-crypto:jar:1.0.0 in the shaded jar.
[INFO] Including org.spark-project.spark:unused:jar:1.0.0 in the shaded jar.
[INFO] Including org.apache.spark:spark-streaming_2.11:jar:2.2.0 in the shaded jar.
[INFO] Including org.apache.spark:spark-sql_2.11:jar:2.2.0 in the shaded jar.
[INFO] Including com.univocity:univocity-parsers:jar:2.2.1 in the shaded jar.
[INFO] Including org.apache.spark:spark-sketch_2.11:jar:2.2.0 in the shaded jar.
[INFO] Including org.apache.spark:spark-catalyst_2.11:jar:2.2.0 in the shaded jar.
[INFO] Including org.codehaus.janino:janino:jar:3.0.0 in the shaded jar.
[INFO] Including org.codehaus.janino:commons-compiler:jar:3.0.0 in the shaded jar.
[INFO] Including org.antlr:antlr4-runtime:jar:4.5.3 in the shaded jar.
[INFO] Including org.apache.parquet:parquet-column:jar:1.8.2 in the shaded jar.
[INFO] Including org.apache.parquet:parquet-common:jar:1.8.2 in the shaded jar.
[INFO] Including org.apache.parquet:parquet-encoding:jar:1.8.2 in the shaded jar.
[INFO] Including org.apache.parquet:parquet-hadoop:jar:1.8.2 in the shaded jar.
[INFO] Including org.apache.parquet:parquet-format:jar:2.3.1 in the shaded jar.
[INFO] Including org.apache.parquet:parquet-jackson:jar:1.8.2 in the shaded jar.
[INFO] Including org.apache.spark:spark-mllib_2.11:jar:2.2.0 in the shaded jar.
[INFO] Including org.apache.spark:spark-graphx_2.11:jar:2.2.0 in the shaded jar.
[INFO] Including com.github.fommil.netlib:core:jar:1.1.2 in the shaded jar.
[INFO] Including net.sourceforge.f2j:arpack_combined_all:jar:0.1 in the shaded jar.
[INFO] Including org.apache.spark:spark-mllib-local_2.11:jar:2.2.0 in the shaded jar.
[INFO] Including org.scalanlp:breeze_2.11:jar:0.13.1 in the shaded jar.
[INFO] Including org.scalanlp:breeze-macros_2.11:jar:0.13.1 in the shaded jar.
[INFO] Including net.sf.opencsv:opencsv:jar:2.3 in the shaded jar.
[INFO] Including com.github.rwl:jtransforms:jar:2.4.0 in the shaded jar.
[INFO] Including org.spire-math:spire_2.11:jar:0.13.0 in the shaded jar.
[INFO] Including org.spire-math:spire-macros_2.11:jar:0.13.0 in the shaded jar.
[INFO] Including org.typelevel:machinist_2.11:jar:0.6.1 in the shaded jar.
[INFO] Including com.chuusai:shapeless_2.11:jar:2.3.2 in the shaded jar.
[INFO] Including org.typelevel:macro-compat_2.11:jar:1.1.1 in the shaded jar.
[INFO] Including org.jpmml:pmml-model:jar:1.2.15 in the shaded jar.
[INFO] Including org.jpmml:pmml-schema:jar:1.2.15 in the shaded jar.
[INFO] Including org.apache.spark:spark-sql-kafka-0-10_2.11:jar:2.2.0 in the shaded jar.
[INFO] Including org.apache.kafka:kafka-clients:jar:0.10.0.1 in the shaded jar.
[INFO] Including org.apache.spark:spark-streaming-kafka-0-10_2.11:jar:2.2.0 in the shaded jar.
[INFO] Including org.apache.kafka:kafka_2.11:jar:0.10.0.1 in the shaded jar.
[INFO] Including com.101tec:zkclient:jar:0.8 in the shaded jar.
[INFO] Including com.yammer.metrics:metrics-core:jar:2.2.0 in the shaded jar.
[INFO] Including org.scala-lang.modules:scala-parser-combinators_2.11:jar:1.0.4 in the shaded jar.
[INFO] Including com.twitter:bijection-avro_2.11:jar:0.9.5 in the shaded jar.
[INFO] Including com.twitter:bijection-core_2.11:jar:0.9.5 in the shaded jar.
[INFO] Including com.databricks:spark-avro_2.11:jar:4.0.0 in the shaded jar.
[INFO] Including org.apache.commons:commons-math3:jar:3.6 in the shaded jar.
[INFO] Including org.yaml:snakeyaml:jar:1.9 in the shaded jar.
[INFO] Including org.scala-lang:scala-reflect:jar:2.11.0 in the shaded jar.
[WARNING] commons-beanutils-core-1.8.0.jar, commons-beanutils-1.7.0.jar define 82 overlappping classes:
[WARNING]   - org.apache.commons.beanutils.ConvertUtilsBean
[WARNING]   - org.apache.commons.beanutils.converters.SqlTimeConverter
[WARNING]   - org.apache.commons.beanutils.Converter
[WARNING]   - org.apache.commons.beanutils.converters.FloatArrayConverter
[WARNING]   - org.apache.commons.beanutils.NestedNullException
[WARNING]   - org.apache.commons.beanutils.ConvertingWrapDynaBean
[WARNING]   - org.apache.commons.beanutils.converters.LongArrayConverter
[WARNING]   - org.apache.commons.beanutils.converters.SqlDateConverter
[WARNING]   - org.apache.commons.beanutils.converters.BooleanArrayConverter
[WARNING]   - org.apache.commons.beanutils.converters.StringConverter
[WARNING]   - 72 more...
[WARNING] spark-network-shuffle_2.11-2.2.0.jar, spark-mllib_2.11-2.2.0.jar, spark-catalyst_2.11-2.2.0.jar, spark-tags_2.11-2.2.0.jar, spark-sketch_2.11-2.2.0.jar, spark-launcher_2.11-2.2.0.jar, unused-1.0.0.jar, spark-streaming_2.11-2.2.0.jar, spark-sql-kafka-0-10_2.11-2.2.0.jar, spark-core_2.11-2.2.0.jar, spark-mllib-local_2.11-2.2.0.jar, spark-network-common_2.11-2.2.0.jar, spark-graphx_2.11-2.2.0.jar, spark-sql_2.11-2.2.0.jar, spark-streaming-kafka-0-10_2.11-2.2.0.jar, spark-unsafe_2.11-2.2.0.jar define 1 overlappping classes:
[WARNING]   - org.apache.spark.unused.UnusedStubClass
[WARNING] commons-collections-3.2.2.jar, commons-beanutils-core-1.8.0.jar, commons-beanutils-1.7.0.jar define 10 overlappping classes:
[WARNING]   - org.apache.commons.collections.FastHashMap$EntrySet
[WARNING]   - org.apache.commons.collections.FastHashMap$KeySet
[WARNING]   - org.apache.commons.collections.FastHashMap$CollectionView$CollectionViewIterator
[WARNING]   - org.apache.commons.collections.ArrayStack
[WARNING]   - org.apache.commons.collections.FastHashMap$Values
[WARNING]   - org.apache.commons.collections.FastHashMap$CollectionView
[WARNING]   - org.apache.commons.collections.FastHashMap$1
[WARNING]   - org.apache.commons.collections.Buffer
[WARNING]   - org.apache.commons.collections.FastHashMap
[WARNING]   - org.apache.commons.collections.BufferUnderflowException
[WARNING] hadoop-yarn-common-2.6.5.jar, hadoop-yarn-client-2.6.5.jar define 2 overlappping classes:
[WARNING]   - org.apache.hadoop.yarn.client.api.package-info
[WARNING]   - org.apache.hadoop.yarn.client.api.impl.package-info
[WARNING] hadoop-yarn-api-2.6.5.jar, hadoop-yarn-common-2.6.5.jar define 3 overlappping classes:
[WARNING]   - org.apache.hadoop.yarn.util.package-info
[WARNING]   - org.apache.hadoop.yarn.factories.package-info
[WARNING]   - org.apache.hadoop.yarn.factory.providers.package-info
[WARNING] maven-shade-plugin has detected that some .class files
[WARNING] are present in two or more JARs. When this happens, only
[WARNING] one single version of the class is copied in the uberjar.
[WARNING] Usually this is not harmful and you can skeep these
[WARNING] warnings, otherwise try to manually exclude artifacts
[WARNING] based on mvn dependency:tree -Ddetail=true and the above
[WARNING] output
[WARNING] See http://docs.codehaus.org/display/MAVENUSER/Shade+Plugin
[INFO] Replacing original artifact with shaded artifact.
[INFO] Replacing /Users/chengwang/IdeaProjects/spark-tools/target/batch-aggregation-tool-1.0.0.jar with /Users/chengwang/IdeaProjects/spark-tools/target/batch-aggregation-tool-1.0.0-shaded.jar
[INFO] Dependency-reduced POM written at: /Users/chengwang/IdeaProjects/spark-tools/dependency-reduced-pom.xml
[INFO] ------------------------------------------------------------------------
[INFO] BUILD SUCCESS
[INFO] ------------------------------------------------------------------------
[INFO] Total time:  19.992 s
[INFO] Finished at: 2024-11-09T13:16:11-05:00
[INFO] ------------------------------------------------------------------------
chengwang@Chengs-MacBook-Pro spark-tools % ./bin/run-GenesysBatchAggTool.sh /Users/chengwang/IdeaProjects/spark-tools/target/batch-aggregation-tool-1.0.0.jar  /Users/chengwang/IdeaProjects/spark-tools/data/input/genesys/*.csv /Users/chengwang/IdeaProjects/spark-tools/data/output/genesys/batch-agg-output-3.csv
jar file path: /Users/chengwang/IdeaProjects/spark-tools/target/batch-aggregation-tool-1.0.0.jar
input path: /Users/chengwang/IdeaProjects/spark-tools/data/input/genesys/genesys-input.csv
output path: /Users/chengwang/IdeaProjects/spark-tools/data/output/genesys/batch-agg-output-3.csv
****** /Users/chengwang/IdeaProjects/spark-tools/data/input/genesys/genesys-input.csv
****** /Users/chengwang/IdeaProjects/spark-tools/data/output/genesys/batch-agg-output-3.csv
WARNING: An illegal reflective access operation has occurred
WARNING: Illegal reflective access by org.apache.hadoop.security.authentication.util.KerberosUtil (file:/Users/chengwang/IdeaProjects/spark-tools/target/batch-aggregation-tool-1.0.0.jar) to method sun.security.krb5.Config.getInstance()
WARNING: Please consider reporting this to the maintainers of org.apache.hadoop.security.authentication.util.KerberosUtil
WARNING: Use --illegal-access=warn to enable warnings of further illegal reflective access operations
WARNING: All illegal access operations will be denied in a future release
24/11/09 13:16:23 WARN NativeCodeLoader: Unable to load native-hadoop library for your platform... using builtin-java classes where applicable
24/11/09 13:16:23 WARN Utils: Your hostname, Chengs-MacBook-Pro.local resolves to a loopback address: 127.0.0.1; using 192.168.1.6 instead (on interface en0)
24/11/09 13:16:23 WARN Utils: Set SPARK_LOCAL_IP if you need to bind to another address
+-------------+-----+-------------------+
|       Metric|Value|          Timestamp|
+-------------+-----+-------------------+
|  temperature| 88.0|2022-06-04 08:01:00|
|  temperature| 89.0|2022-06-04 08:01:30|
|precipitation|  0.5|2022-06-04 10:23:32|
+-------------+-----+-------------------+

root
 |-- Metric: string (nullable = true)
 |-- Value: double (nullable = true)
 |-- Timestamp: timestamp (nullable = true)
 |-- bucket: string (nullable = true)

+-------------+-----+-------------------+----------+
|Metric       |Value|Timestamp          |bucket    |
+-------------+-----+-------------------+----------+
|temperature  |88.0 |2022-06-04 08:01:00|2022060408|
|temperature  |89.0 |2022-06-04 08:01:30|2022060408|
|precipitation|0.5  |2022-06-04 10:23:32|2022060410|
+-------------+-----+-------------------+----------+

+-------------+----------+-------+
|Metric       |bucket    |Average|
+-------------+----------+-------+
|temperature  |2022060408|88.5   |
|precipitation|2022060410|0.5    |
+-------------+----------+-------+

chengwang@Chengs-MacBook-Pro spark-tools %
